Arguments: 
  C:\Program Files\nodejs\node.exe C:\Users\Ketjo\AppData\Roaming\npm\node_modules\yarn\bin\yarn.js add semver

PATH: 
  C:\Python310\Scripts\;C:\Python310\;C:\Windows\system32;C:\Windows;C:\Windows\System32\Wbem;C:\Windows\System32\WindowsPowerShell\v1.0\;C:\Windows\System32\OpenSSH\;C:\ProgramData\chocolatey\bin;C:\Users\Ketjo\AppData\Roaming\nvm;C:\Program Files\nodejs;C:\Program Files\Docker\Docker\resources\bin;C:\ProgramData\DockerDesktop\version-bin;C:\Program Files\Git\cmd;C:\Users\Ketjo\AppData\Local\Microsoft\WindowsApps;C:\Users\Ketjo\AppData\Local\Programs\Microsoft VS Code\bin;C:\Users\Ketjo\AppData\Roaming\npm;C:\Users\Ketjo\AppData\Roaming\nvm;C:\Program Files\nodejs;C:\Program Files (x86)\BrowserStackLocal\

Yarn version: 
  1.22.19

Node version: 
  14.20.0

Platform: 
  win32 x64

Trace: 
  SyntaxError: C:\Users\Ketjo\Desktop\hmprjcts\k-room\types\package.json: Unexpected token } in JSON at position 281
      at JSON.parse (<anonymous>)
      at C:\Users\Ketjo\AppData\Roaming\npm\node_modules\yarn\lib\cli.js:1629:59
      at Generator.next (<anonymous>)
      at step (C:\Users\Ketjo\AppData\Roaming\npm\node_modules\yarn\lib\cli.js:310:30)
      at C:\Users\Ketjo\AppData\Roaming\npm\node_modules\yarn\lib\cli.js:321:13

npm manifest: 
  {
    "name": "k-room.types",
    "version": "2.0.0",
    "main": "index.ts",
    "types": "index.d.ts",
    "files": ["/"],
    "license": "MIT",
    "scripts": {
      "release:beta": "npm version $(semver $npm_package_version -i prerelease --preid $(npm whoami) ) && npm publish --tag beta",
    },
    "dependencies": {
      "typescript": "^4.7.4"
    }
  }

yarn manifest: 
  No manifest

Lockfile: 
  No lockfile
